// Jest Snapshot v1, https://goo.gl/fbAQLP

exports[`CodeEditor should render fine 1`] = `
<div
  className="code-container"
>
  <ProjectTree
    config={
      Object {
        "project": "test",
      }
    }
    onScriptSelect={[Function]}
    scripts={
      Object {
        "editor": Object {},
        "list": Array [],
      }
    }
  />
  <Col
    className="code-column"
    span={19}
  >
    <Skeleton
      active={true}
    />
  </Col>
  <NewFileModal
    onConfirm={[Function]}
  />
</div>
`;
