// Jest Snapshot v1, https://goo.gl/fbAQLP

exports[`Code should render fine 1`] = `
<div
  className="app"
/>
`;
