// Jest Snapshot v1, https://goo.gl/fbAQLP

exports[`App should render fine 1`] = `
<div
  className="app"
>
  <Connect(Header) />
  <Row
    className="main-container"
  >
    <LeftSidebar />
    <div
      className="canvas-container"
    >
      <Connect(SceneContainer) />
    </div>
    <Connect(RightSidebar) />
  </Row>
  <Footer />
  <Connect(ProjectModal) />
</div>
`;
