// Jest Snapshot v1, https://goo.gl/fbAQLP

exports[`HelpMenu should render fine 1`] = `
<Dropdown
  mouseEnterDelay={0.15}
  mouseLeaveDelay={0.1}
  overlay={
    <Menu>
      <MenuItem
        className="option"
      >
        Documentation
      </MenuItem>
      <MenuItem
        className="option"
      >
        Terms and conditions
      </MenuItem>
      <MenuItem
        className="option"
      >
        Frequently asked questions
      </MenuItem>
      <Divider />
      <MenuItem
        className="option"
      >
        Report issue
      </MenuItem>
      <Divider />
      <MenuItem
        className="option"
      >
        Welcome
      </MenuItem>
      <MenuItem
        className="option"
      >
        About Mage Studio
      </MenuItem>
    </Menu>
  }
>
  <span
    className="main-menu-item"
  >
    Help
  </span>
</Dropdown>
`;
