// Jest Snapshot v1, https://goo.gl/fbAQLP

exports[`App should render fine 1`] = `
<div
  className="app"
>
  <Connect(Header) />
  <Toolbar />
  <Row
    className="main-container"
  >
    <_default />
    <div
      className="canvas-container"
    >
      <Connect(SceneContainer) />
    </div>
  </Row>
  <Footer />
</div>
`;
