// Jest Snapshot v1, https://goo.gl/fbAQLP

exports[`Footer should render fine 1`] = `
<Row
  className="footer"
  gutter={0}
>
  <Col
    span={12}
  >
    Stuff
  </Col>
</Row>
`;
