// Jest Snapshot v1, https://goo.gl/fbAQLP

exports[`RightSidebar should render fine 1`] = `
<div
  className="setting-row"
>
  <label
    className="setting-label"
  >
    Name
  </label>
  <div
    className="setting-input right"
  >
    <Input
      onChange={[Function]}
      placeholder="name"
      size="small"
      type="text"
      value=""
    />
  </div>
</div>
`;
